current directory: /Users/lakhveersinghrajput/Lakhveer/final/gic_final/vendor/bun/ruby/3.2.0/gems/json-2.9.1/ext/json/ext/parser
/Users/lakhveersinghrajput/.rvm/rubies/ruby-3.2.0/bin/ruby -I /Users/lakhveersinghrajput/.rvm/rubies/ruby-3.2.0/lib/ruby/3.2.0 extconf.rb
checking for rb_enc_interned_str() in ruby.h... yes
checking for rb_hash_new_capa() in ruby.h... yes
checking for rb_hash_bulk_insert() in ruby.h... yes
checking for rb_category_warn() in ruby.h... yes
checking for strnlen() in string.h... yes
checking for whether -std=c99 is accepted as CFLAGS... yes
creating Makefile

current directory: /Users/lakhveersinghrajput/Lakhveer/final/gic_final/vendor/bun/ruby/3.2.0/gems/json-2.9.1/ext/json/ext/parser
make DESTDIR\= sitearchdir\=./.gem.20250302-40695-m122u3 sitelibdir\=./.gem.20250302-40695-m122u3 clean

current directory: /Users/lakhveersinghrajput/Lakhveer/final/gic_final/vendor/bun/ruby/3.2.0/gems/json-2.9.1/ext/json/ext/parser
make DESTDIR\= sitearchdir\=./.gem.20250302-40695-m122u3 sitelibdir\=./.gem.20250302-40695-m122u3
compiling parser.c
linking shared-object json/ext/parser.bundle
ld: warning: ignoring duplicate libraries: '-lruby.3.2'

current directory: /Users/lakhveersinghrajput/Lakhveer/final/gic_final/vendor/bun/ruby/3.2.0/gems/json-2.9.1/ext/json/ext/parser
make DESTDIR\= sitearchdir\=./.gem.20250302-40695-m122u3 sitelibdir\=./.gem.20250302-40695-m122u3 install
/opt/homebrew/opt/coreutils/bin/ginstall -c -m 0755 parser.bundle ./.gem.20250302-40695-m122u3/json/ext

current directory: /Users/lakhveersinghrajput/Lakhveer/final/gic_final/vendor/bun/ruby/3.2.0/gems/json-2.9.1/ext/json/ext/parser
make DESTDIR\= sitearchdir\=./.gem.20250302-40695-m122u3 sitelibdir\=./.gem.20250302-40695-m122u3 clean
