current directory: /Users/lakhveersinghrajput/Lakhveer/final/gic_final/vendor/bun/ruby/3.2.0/gems/psych-5.2.2/ext/psych
/Users/lakhveersinghrajput/.rvm/rubies/ruby-3.2.0/bin/ruby -I /Users/lakhveersinghrajput/.rvm/rubies/ruby-3.2.0/lib/ruby/3.2.0 extconf.rb
checking for yaml.h... yes
checking for yaml_get_version() in -lyaml... yes
creating Makefile

current directory: /Users/lakhveersinghrajput/Lakhveer/final/gic_final/vendor/bun/ruby/3.2.0/gems/psych-5.2.2/ext/psych
make DESTDIR\= sitearchdir\=./.gem.20250302-40695-xrlbb2 sitelibdir\=./.gem.20250302-40695-xrlbb2 clean
cd libyaml && /Library/Developer/CommandLineTools/usr/bin/make clean
/bin/sh: line 0: cd: libyaml: No such file or directory
make: [clean-so] Error 1 (ignored)

current directory: /Users/lakhveersinghrajput/Lakhveer/final/gic_final/vendor/bun/ruby/3.2.0/gems/psych-5.2.2/ext/psych
make DESTDIR\= sitearchdir\=./.gem.20250302-40695-xrlbb2 sitelibdir\=./.gem.20250302-40695-xrlbb2
compiling psych.c
compiling psych_emitter.c
compiling psych_parser.c
compiling psych_to_ruby.c
compiling psych_yaml_tree.c
linking shared-object psych.bundle
ld: warning: ignoring duplicate libraries: '-lruby.3.2', '-lyaml'

current directory: /Users/lakhveersinghrajput/Lakhveer/final/gic_final/vendor/bun/ruby/3.2.0/gems/psych-5.2.2/ext/psych
make DESTDIR\= sitearchdir\=./.gem.20250302-40695-xrlbb2 sitelibdir\=./.gem.20250302-40695-xrlbb2 install
/opt/homebrew/opt/coreutils/bin/ginstall -c -m 0755 psych.bundle ./.gem.20250302-40695-xrlbb2

current directory: /Users/lakhveersinghrajput/Lakhveer/final/gic_final/vendor/bun/ruby/3.2.0/gems/psych-5.2.2/ext/psych
make DESTDIR\= sitearchdir\=./.gem.20250302-40695-xrlbb2 sitelibdir\=./.gem.20250302-40695-xrlbb2 clean
cd libyaml && /Library/Developer/CommandLineTools/usr/bin/make clean
/bin/sh: line 0: cd: libyaml: No such file or directory
make: [clean-so] Error 1 (ignored)
