current directory: /Users/lakhveersinghrajput/Lakhveer/final/gic_final/vendor/bun/ruby/3.2.0/gems/date-3.4.1/ext/date
/Users/lakhveersinghrajput/.rvm/rubies/ruby-3.2.0/bin/ruby -I /Users/lakhveersinghrajput/.rvm/rubies/ruby-3.2.0/lib/ruby/3.2.0 extconf.rb
checking for rb_category_warn()... yes
checking for timezone in time.h with  -Werror... yes
checking for altzone in time.h with  -Werror... no
creating Makefile

current directory: /Users/lakhveersinghrajput/Lakhveer/final/gic_final/vendor/bun/ruby/3.2.0/gems/date-3.4.1/ext/date
make DESTDIR\= sitearchdir\=./.gem.20250302-40695-7kl6r2 sitelibdir\=./.gem.20250302-40695-7kl6r2 clean

current directory: /Users/lakhveersinghrajput/Lakhveer/final/gic_final/vendor/bun/ruby/3.2.0/gems/date-3.4.1/ext/date
make DESTDIR\= sitearchdir\=./.gem.20250302-40695-7kl6r2 sitelibdir\=./.gem.20250302-40695-7kl6r2
compiling date_core.c
compiling date_parse.c
compiling date_strftime.c
compiling date_strptime.c
linking shared-object date_core.bundle
ld: warning: ignoring duplicate libraries: '-lruby.3.2'

current directory: /Users/lakhveersinghrajput/Lakhveer/final/gic_final/vendor/bun/ruby/3.2.0/gems/date-3.4.1/ext/date
make DESTDIR\= sitearchdir\=./.gem.20250302-40695-7kl6r2 sitelibdir\=./.gem.20250302-40695-7kl6r2 install
/opt/homebrew/opt/coreutils/bin/ginstall -c -m 0755 date_core.bundle ./.gem.20250302-40695-7kl6r2

current directory: /Users/lakhveersinghrajput/Lakhveer/final/gic_final/vendor/bun/ruby/3.2.0/gems/date-3.4.1/ext/date
make DESTDIR\= sitearchdir\=./.gem.20250302-40695-7kl6r2 sitelibdir\=./.gem.20250302-40695-7kl6r2 clean
